mode: set
github.com/BochkaDeyalo/jsonplaceholder.api/controller/controller.go:20.80,26.2 1 1
github.com/BochkaDeyalo/jsonplaceholder.api/controller/controller.go:28.50,30.51 2 1
github.com/BochkaDeyalo/jsonplaceholder.api/controller/controller.go:30.51,34.3 3 1
github.com/BochkaDeyalo/jsonplaceholder.api/controller/controller.go:36.2,38.53 2 1
github.com/BochkaDeyalo/jsonplaceholder.api/controller/controller.go:38.53,42.3 3 1
github.com/BochkaDeyalo/jsonplaceholder.api/controller/controller.go:44.2,45.16 2 1
github.com/BochkaDeyalo/jsonplaceholder.api/controller/controller.go:45.16,49.3 3 1
github.com/BochkaDeyalo/jsonplaceholder.api/controller/controller.go:51.2,52.36 2 1
github.com/BochkaDeyalo/jsonplaceholder.api/controller/controller.go:56.48,58.16 2 1
github.com/BochkaDeyalo/jsonplaceholder.api/controller/controller.go:58.16,62.3 3 1
github.com/BochkaDeyalo/jsonplaceholder.api/controller/controller.go:64.2,65.31 2 1
github.com/BochkaDeyalo/jsonplaceholder.api/controller/controller.go:68.51,74.16 4 1
github.com/BochkaDeyalo/jsonplaceholder.api/controller/controller.go:74.16,78.3 3 1
github.com/BochkaDeyalo/jsonplaceholder.api/controller/controller.go:80.2,81.31 2 1
github.com/BochkaDeyalo/jsonplaceholder.api/controller/controller.go:84.50,88.51 3 1
github.com/BochkaDeyalo/jsonplaceholder.api/controller/controller.go:88.51,92.3 3 1
github.com/BochkaDeyalo/jsonplaceholder.api/controller/controller.go:94.2,96.53 2 1
github.com/BochkaDeyalo/jsonplaceholder.api/controller/controller.go:96.53,100.3 3 1
github.com/BochkaDeyalo/jsonplaceholder.api/controller/controller.go:102.2,103.16 2 1
github.com/BochkaDeyalo/jsonplaceholder.api/controller/controller.go:103.16,107.3 3 1
github.com/BochkaDeyalo/jsonplaceholder.api/controller/controller.go:109.2,110.31 2 1
github.com/BochkaDeyalo/jsonplaceholder.api/controller/controller.go:113.49,117.51 3 1
github.com/BochkaDeyalo/jsonplaceholder.api/controller/controller.go:117.51,121.3 3 1
github.com/BochkaDeyalo/jsonplaceholder.api/controller/controller.go:123.2,126.16 3 1
github.com/BochkaDeyalo/jsonplaceholder.api/controller/controller.go:126.16,130.3 3 1
github.com/BochkaDeyalo/jsonplaceholder.api/controller/controller.go:132.2,133.31 2 1
github.com/BochkaDeyalo/jsonplaceholder.api/controller/controller.go:136.50,142.16 4 1
github.com/BochkaDeyalo/jsonplaceholder.api/controller/controller.go:142.16,146.3 3 1
github.com/BochkaDeyalo/jsonplaceholder.api/controller/controller.go:148.2,149.55 2 1
